// Jest Snapshot v1, https://goo.gl/fbAQLP

exports[`BillingMonitor snapshot 1`] = `
Object {
  "Resources": Object {
    "alarmAWSBudgetsAC68598A": Object {
      "Properties": Object {
        "AlarmActions": Array [
          Object {
            "Ref": "topic69831491",
          },
        ],
        "AlarmName": "AWSBudgets",
        "ComparisonOperator": "GreaterThanOrEqualToThreshold",
        "DatapointsToAlarm": 1,
        "Dimensions": Array [
          Object {
            "Name": "Currency",
            "Value": "USD",
          },
          Object {
            "Name": "ServiceName",
            "Value": "AWSBudgets",
          },
        ],
        "EvaluationPeriods": 1,
        "MetricName": "EstimatedCharges",
        "Namespace": "AWS/Billing",
        "Period": 86400,
        "Statistic": "Maximum",
        "Threshold": 0,
      },
      "Type": "AWS::CloudWatch::Alarm",
    },
    "alarmAWSDataTransfer8E199EEA": Object {
      "Properties": Object {
        "AlarmActions": Array [
          Object {
            "Ref": "topic69831491",
          },
        ],
        "AlarmName": "AWSDataTransfer",
        "ComparisonOperator": "GreaterThanOrEqualToThreshold",
        "DatapointsToAlarm": 1,
        "Dimensions": Array [
          Object {
            "Name": "Currency",
            "Value": "USD",
          },
          Object {
            "Name": "ServiceName",
            "Value": "AWSDataTransfer",
          },
        ],
        "EvaluationPeriods": 1,
        "MetricName": "EstimatedCharges",
        "Namespace": "AWS/Billing",
        "Period": 86400,
        "Statistic": "Maximum",
        "Threshold": 0,
      },
      "Type": "AWS::CloudWatch::Alarm",
    },
    "alarmAWSLambda323CB318": Object {
      "Properties": Object {
        "AlarmActions": Array [
          Object {
            "Ref": "topic69831491",
          },
        ],
        "AlarmName": "AWSLambda",
        "ComparisonOperator": "GreaterThanOrEqualToThreshold",
        "DatapointsToAlarm": 1,
        "Dimensions": Array [
          Object {
            "Name": "Currency",
            "Value": "USD",
          },
          Object {
            "Name": "ServiceName",
            "Value": "AWSLambda",
          },
        ],
        "EvaluationPeriods": 1,
        "MetricName": "EstimatedCharges",
        "Namespace": "AWS/Billing",
        "Period": 86400,
        "Statistic": "Maximum",
        "Threshold": 0,
      },
      "Type": "AWS::CloudWatch::Alarm",
    },
    "alarmAWSMarketplace6FA76CDB": Object {
      "Properties": Object {
        "AlarmActions": Array [
          Object {
            "Ref": "topic69831491",
          },
        ],
        "AlarmName": "AWSMarketplace",
        "ComparisonOperator": "GreaterThanOrEqualToThreshold",
        "DatapointsToAlarm": 1,
        "Dimensions": Array [
          Object {
            "Name": "Currency",
            "Value": "USD",
          },
          Object {
            "Name": "ServiceName",
            "Value": "AWSMarketplace",
          },
        ],
        "EvaluationPeriods": 1,
        "MetricName": "EstimatedCharges",
        "Namespace": "AWS/Billing",
        "Period": 86400,
        "Statistic": "Maximum",
        "Threshold": 0,
      },
      "Type": "AWS::CloudWatch::Alarm",
    },
    "alarmAWSXRay23F6031B": Object {
      "Properties": Object {
        "AlarmActions": Array [
          Object {
            "Ref": "topic69831491",
          },
        ],
        "AlarmName": "AWSXRay",
        "ComparisonOperator": "GreaterThanOrEqualToThreshold",
        "DatapointsToAlarm": 1,
        "Dimensions": Array [
          Object {
            "Name": "Currency",
            "Value": "USD",
          },
          Object {
            "Name": "ServiceName",
            "Value": "AWSXRay",
          },
        ],
        "EvaluationPeriods": 1,
        "MetricName": "EstimatedCharges",
        "Namespace": "AWS/Billing",
        "Period": 86400,
        "Statistic": "Maximum",
        "Threshold": 0,
      },
      "Type": "AWS::CloudWatch::Alarm",
    },
    "alarmAmazonApiGateway2FD88E20": Object {
      "Properties": Object {
        "AlarmActions": Array [
          Object {
            "Ref": "topic69831491",
          },
        ],
        "AlarmName": "AmazonApiGateway",
        "ComparisonOperator": "GreaterThanOrEqualToThreshold",
        "DatapointsToAlarm": 1,
        "Dimensions": Array [
          Object {
            "Name": "Currency",
            "Value": "USD",
          },
          Object {
            "Name": "ServiceName",
            "Value": "AmazonApiGateway",
          },
        ],
        "EvaluationPeriods": 1,
        "MetricName": "EstimatedCharges",
        "Namespace": "AWS/Billing",
        "Period": 86400,
        "Statistic": "Maximum",
        "Threshold": 0,
      },
      "Type": "AWS::CloudWatch::Alarm",
    },
    "alarmAmazonCloudWatch8A7687AD": Object {
      "Properties": Object {
        "AlarmActions": Array [
          Object {
            "Ref": "topic69831491",
          },
        ],
        "AlarmName": "AmazonCloudWatch",
        "ComparisonOperator": "GreaterThanOrEqualToThreshold",
        "DatapointsToAlarm": 1,
        "Dimensions": Array [
          Object {
            "Name": "Currency",
            "Value": "USD",
          },
          Object {
            "Name": "ServiceName",
            "Value": "AmazonCloudWatch",
          },
        ],
        "EvaluationPeriods": 1,
        "MetricName": "EstimatedCharges",
        "Namespace": "AWS/Billing",
        "Period": 86400,
        "Statistic": "Maximum",
        "Threshold": 0,
      },
      "Type": "AWS::CloudWatch::Alarm",
    },
    "alarmAmazonEC2B103A89A": Object {
      "Properties": Object {
        "AlarmActions": Array [
          Object {
            "Ref": "topic69831491",
          },
        ],
        "AlarmName": "AmazonEC2",
        "ComparisonOperator": "GreaterThanOrEqualToThreshold",
        "DatapointsToAlarm": 1,
        "Dimensions": Array [
          Object {
            "Name": "Currency",
            "Value": "USD",
          },
          Object {
            "Name": "ServiceName",
            "Value": "AmazonEC2",
          },
        ],
        "EvaluationPeriods": 1,
        "MetricName": "EstimatedCharges",
        "Namespace": "AWS/Billing",
        "Period": 86400,
        "Statistic": "Maximum",
        "Threshold": 0,
      },
      "Type": "AWS::CloudWatch::Alarm",
    },
    "alarmAmazonS355F4D449": Object {
      "Properties": Object {
        "AlarmActions": Array [
          Object {
            "Ref": "topic69831491",
          },
        ],
        "AlarmName": "AmazonS3",
        "ComparisonOperator": "GreaterThanOrEqualToThreshold",
        "DatapointsToAlarm": 1,
        "Dimensions": Array [
          Object {
            "Name": "Currency",
            "Value": "USD",
          },
          Object {
            "Name": "ServiceName",
            "Value": "AmazonS3",
          },
        ],
        "EvaluationPeriods": 1,
        "MetricName": "EstimatedCharges",
        "Namespace": "AWS/Billing",
        "Period": 86400,
        "Statistic": "Maximum",
        "Threshold": 0,
      },
      "Type": "AWS::CloudWatch::Alarm",
    },
    "alarmAmazonSNS490899C2": Object {
      "Properties": Object {
        "AlarmActions": Array [
          Object {
            "Ref": "topic69831491",
          },
        ],
        "AlarmName": "AmazonSNS",
        "ComparisonOperator": "GreaterThanOrEqualToThreshold",
        "DatapointsToAlarm": 1,
        "Dimensions": Array [
          Object {
            "Name": "Currency",
            "Value": "USD",
          },
          Object {
            "Name": "ServiceName",
            "Value": "AmazonSNS",
          },
        ],
        "EvaluationPeriods": 1,
        "MetricName": "EstimatedCharges",
        "Namespace": "AWS/Billing",
        "Period": 86400,
        "Statistic": "Maximum",
        "Threshold": 0,
      },
      "Type": "AWS::CloudWatch::Alarm",
    },
    "alarmawskms3CC9D3F7": Object {
      "Properties": Object {
        "AlarmActions": Array [
          Object {
            "Ref": "topic69831491",
          },
        ],
        "AlarmName": "awskms",
        "ComparisonOperator": "GreaterThanOrEqualToThreshold",
        "DatapointsToAlarm": 1,
        "Dimensions": Array [
          Object {
            "Name": "Currency",
            "Value": "USD",
          },
          Object {
            "Name": "ServiceName",
            "Value": "awskms",
          },
        ],
        "EvaluationPeriods": 1,
        "MetricName": "EstimatedCharges",
        "Namespace": "AWS/Billing",
        "Period": 86400,
        "Statistic": "Maximum",
        "Threshold": 0,
      },
      "Type": "AWS::CloudWatch::Alarm",
    },
    "budget": Object {
      "Properties": Object {
        "Budget": Object {
          "BudgetLimit": Object {
            "Amount": 1,
            "Unit": "USD",
          },
          "BudgetType": "COST",
          "TimeUnit": "MONTHLY",
        },
        "NotificationsWithSubscribers": Array [
          Object {
            "Notification": Object {
              "ComparisonOperator": "EQUAL_TO",
              "NotificationType": "ACTUAL",
              "Threshold": 0.1,
            },
            "Subscribers": Array [
              Object {
                "Address": Object {
                  "Ref": "topic69831491",
                },
                "SubscriptionType": "SNS",
              },
            ],
          },
          Object {
            "Notification": Object {
              "ComparisonOperator": "GREATER_THAN",
              "NotificationType": "ACTUAL",
              "Threshold": 0.1,
            },
            "Subscribers": Array [
              Object {
                "Address": Object {
                  "Ref": "topic69831491",
                },
                "SubscriptionType": "SNS",
              },
            ],
          },
          Object {
            "Notification": Object {
              "ComparisonOperator": "LESS_THAN",
              "NotificationType": "ACTUAL",
              "Threshold": 0.1,
            },
            "Subscribers": Array [
              Object {
                "Address": Object {
                  "Ref": "topic69831491",
                },
                "SubscriptionType": "SNS",
              },
            ],
          },
        ],
      },
      "Type": "AWS::Budgets::Budget",
    },
    "chatbot": Object {
      "Properties": Object {
        "ConfigurationName": "BillingMonitor",
        "IamRoleArn": Object {
          "Fn::GetAtt": Array [
            "chatbotRoleC6D2FF92",
            "Arn",
          ],
        },
        "SlackChannelId": "test_SLACK_CHANNEL_ID",
        "SlackWorkspaceId": "test_SLACK_WORKSPACE_ID",
        "SnsTopicArns": Array [
          Object {
            "Ref": "topic69831491",
          },
        ],
      },
      "Type": "AWS::Chatbot::SlackChannelConfiguration",
    },
    "chatbotRoleC6D2FF92": Object {
      "Properties": Object {
        "AssumeRolePolicyDocument": Object {
          "Statement": Array [
            Object {
              "Action": "sts:AssumeRole",
              "Effect": "Allow",
              "Principal": Object {
                "Service": "chatbot.amazonaws.com",
              },
            },
          ],
          "Version": "2012-10-17",
        },
        "Policies": Array [
          Object {
            "PolicyDocument": Object {
              "Statement": Array [
                Object {
                  "Action": Array [
                    "cloudwatch:Describe*",
                    "cloudwatch:Get*",
                    "cloudwatch:List*",
                  ],
                  "Effect": "Allow",
                  "Resource": "*",
                },
              ],
              "Version": "2012-10-17",
            },
            "PolicyName": "ChatbotNotificationsOnlyPolicy",
          },
        ],
      },
      "Type": "AWS::IAM::Role",
    },
    "topic69831491": Object {
      "Type": "AWS::SNS::Topic",
    },
    "topicPolicyBC9D8025": Object {
      "Properties": Object {
        "PolicyDocument": Object {
          "Statement": Array [
            Object {
              "Action": "SNS:Publish",
              "Effect": "Allow",
              "Principal": Object {
                "Service": "budgets.amazonaws.com",
              },
              "Resource": Object {
                "Ref": "topic69831491",
              },
              "Sid": "AWSBudgetsSNSPublishingPermissions",
            },
          ],
          "Version": "2012-10-17",
        },
        "Topics": Array [
          Object {
            "Ref": "topic69831491",
          },
        ],
      },
      "Type": "AWS::SNS::TopicPolicy",
    },
  },
}
`;
